// Jest Snapshot v1, https://goo.gl/fbAQLP

exports[`The MainNav component displays links to top-level pages 1`] = `
.c0 {
  display: -webkit-box;
  display: -webkit-flex;
  display: -ms-flexbox;
  display: flex;
  -webkit-flex-direction: row;
  -ms-flex-direction: row;
  flex-direction: row;
  -webkit-flex-wrap: wrap;
  -ms-flex-wrap: wrap;
  flex-wrap: wrap;
  -webkit-box-pack: center;
  -webkit-justify-content: center;
  -ms-flex-pack: center;
  justify-content: center;
  background-color: #c9b978;
  width: 100%;
}

.c1 {
  font-size: 1.4rem;
  margin: 0 0.5rem;
}

.c1 a,
.c1 a:hover,
.c1 a:focus,
.c1 a:active,
.c1 a:visited {
  color: #621818;
  display: block;
  margin-top: 3px;
  padding-bottom: 4px;
  position: relative;
  -webkit-text-decoration: none;
  text-decoration: none;
}

.c1 a:focus,
.c1 a:hover:focus,
.c1 a:focus:focus,
.c1 a:active:focus,
.c1 a:visited:focus {
  outline: 2px dotted #621818;
}

.c1 a::after,
.c1 a:hover::after,
.c1 a:focus::after,
.c1 a:active::after,
.c1 a:visited::after {
  display: block;
  height: 0;
  width: 100%;
  background-color: #621818;
  content: '';
  position: absolute;
  bottom: 0;
  -webkit-transition: height 0.1s linear;
  transition: height 0.1s linear;
}

.c1 a.active::after,
.c1 a:hover.active::after,
.c1 a:focus.active::after,
.c1 a:active.active::after,
.c1 a:visited.active::after {
  height: 4px;
}

.c1 a:hover::after,
.c1 a:hover:hover::after,
.c1 a:focus:hover::after,
.c1 a:active:hover::after,
.c1 a:visited:hover::after {
  height: 6px;
}

<nav
  class="c0"
>
  <div
    class="c1"
  >
    <a
      aria-current="page"
      class="active"
      href="/"
    >
      Home
    </a>
  </div>
  <div
    class="c1"
  >
    <a
      class=""
      href="/glyphs"
    >
      Glyphs
    </a>
  </div>
</nav>
`;
